Microchip MPLAB XC8 Compiler V1.37 ()

Linker command line:

-W-3 --edf=C:\Program Files (x86)\Microchip\xc8\v1.37\dat\en_msgs.txt -cs \
  -h+dist/default/production\Teris_16f886_8x8_v1.X.production.sym \
  --cmf=dist/default/production\Teris_16f886_8x8_v1.X.production.cmf -z \
  -Q16F886 -oC:\Users\Admin\AppData\Local\Temp\s53k.2 \
  -Mdist/default/production/Teris_16f886_8x8_v1.X.production.map -E1 \
  -ver=XC8 -ASTACK=0110h-016fh -pstack=STACK -ACODE=00h-07FFhx4 \
  -ASTRCODE=00h-01FFFh -ASTRING=00h-0FFhx32 -ACONST=00h-0FFhx32 \
  -AENTRY=00h-0FFhx32 -ACOMMON=070h-07Fh -ABANK0=020h-06Fh \
  -ABANK1=0A0h-0EFh -ABANK2=0110h-016Fh -ABANK3=0190h-01EFh \
  -ARAM=020h-06Fh,0A0h-0EFh,0110h-016Fh,0190h-01EFh \
  -AABS1=020h-07Fh,0A0h-0EFh,0110h-016Fh,0190h-01EFh -ASFR0=00h-01Fh \
  -ASFR1=080h-09Fh -ASFR2=0100h-010Fh -ASFR3=0180h-018Fh \
  -preset_vec=00h,intentry,init,end_init -ppowerup=CODE -pcinit=CODE \
  -pfunctab=CODE -ACONFIG=02007h-02008h -pconfig=CONFIG -DCONFIG=2 \
  -AIDLOC=02000h-02003h -pidloc=IDLOC -DIDLOC=2 -AEEDATA=00h-0FFh/02100h \
  -peeprom_data=EEDATA -DEEDATA=2 -DCODE=2 -DSTRCODE=2 -DSTRING=2 -DCONST=2 \
  -DENTRY=2 -k C:\Users\Admin\AppData\Local\Temp\s53k.obj \
  dist/default/production\Teris_16f886_8x8_v1.X.production.obj 

Object code version is 3.11

Machine type is 16F886



                Name                               Link     Load   Length Selector   Space Scale
C:\Users\Admin\AppData\Local\Temp\s53k.obj
                end_init                              0        0        3        0       0
                config                             2007     2007        2     400E       0
dist/default/production\Teris_16f886_8x8_v1.X.production.obj
                cinit                               7D2      7D2       2E      FA4       0
                text57                             1F1B     1F1B        8     3E36       0
                text56                                4        4       15        8       0
                text55                             10AB     10AB       26     2156       0
                text54                             12CE     12CE       3C     259C       0
                text53                             11F1     11F1       32     23E2       0
                text52                              250      250      16C      4A0       0
                text51                             1043     1043       21     2086       0
                text50                             1409     1409       4D     2812       0
                text49                             1347     1347       3F     268E       0
                text48                             1545     1545       55     2A8A       0
                text47                             1FB1     1FB1       18     3F62       0
                text46                              E2F      E2F       93     1C5E       0
                text45                             1F3B     1F3B        F     3E76       0
                text44                             16AE     16AE       69     2D5C       0
                text43                             1F4A     1F4A        F     3E94       0
                text42                             13C6     13C6       43     278C       0
                text41                             14A3     14A3       51     2946       0
                text40                             1147     1147       2A     228E       0
                text39                             1F7B     1F7B       12     3EF6       0
                text38                             1FE4     1FE4       1C     3FC8       0
                text37                             1F8D     1F8D       12     3F1A       0
                text36                             1F16     1F16        5     3E2C       0
                text35                             1009     1009       1C     2012       0
                text34                             1F59     1F59       11     3EB2       0
                text33                             1223     1223       37     2446       0
                text32                              F57      F57       A9     1EAE       0
                text31                             1025     1025       1E     204A       0
                text30                             15F2     15F2       5B     2BE4       0
                text29                             1064     1064       23     20C8       0
                text28                             125A     125A       3A     24B4       0
                text27                              125      125      12B      24A       0
                text26                             164D     164D       61     2C9A       0
                text25                              D31      D31       7D     1A62       0
                text24                             1F23     1F23        8     3E46       0
                text23                             10F7     10F7       28     21EE       0
                text22                             130A     130A       3D     2614       0
                text21                               19       19      10C       32       0
                text20                              CCD      CCD       64     199A       0
                text19                             111F     111F       28     223E       0
                text18                              DAE      DAE       81     1B5C       0
                text17                              EC2      EC2       95     1D84       0
                text16                             1456     1456       4D     28AC       0
                text15                             1171     1171       2A     22E2       0
                text14                             10D1     10D1       26     21A2       0
                text13                             159A     159A       58     2B34       0
                text12                             14F4     14F4       51     29E8       0
                text11                             119B     119B       2A     2336       0
                text10                              536      536      29C      A6C       0
                text9                              1717     1717       6D     2E2E       0
                text8                              1784     1784       7C     2F08       0
                text7                              1386     1386       40     270C       0
                text6                              1F2B     1F2B        8     3E56       0
                text5                              1FC9     1FC9       1B     3F92       0
                text4                              11C5     11C5       2C     238A       0
                text3                              1294     1294       3A     2528       0
                text2                              1000     1000        9     1EAE       0
                text1                              1087     1087       24     210E       0
                maintext                            3BC      3BC      17A      778       0
                cstackBANK0                          20       20       4E       20       1
                cstackCOMMON                         70       70        E       70       1
                cstackBANK1                          E1       E1        4       A0       1
                inittext                           1F6A     1F6A       11     3ED4       0
                clrtext                            1F33     1F33        8     3E66       0
                dataBANK3                           190      190       12      190       1
                dataBANK1                            DD       DD        4       A0       1
                bssBANK1                             A0       A0       3D       A0       1
                dataBANK0                            6F       6F        1       20       1
                bssBANK0                             6E       6E        1       20       1
                stringtext                          800      800      4CD       10       0
                idataBANK3                         1F9F     1F9F       12     3F3E       0
                idataBANK1                         1F12     1F12        4     3E24       0
                idataBANK0                            3        3        1        0       0

TOTAL           Name                               Link     Load   Length     Space
        CLASS   STACK          

        CLASS   CODE           
                end_init                              0        0        3         0
                cinit                               7D2      7D2       2E         0
                text57                             1F1B     1F1B        8         0
                text56                                4        4       15         0
                text55                             10AB     10AB       26         0
                text54                             12CE     12CE       3C         0
                text53                             11F1     11F1       32         0
                text52                              250      250      16C         0
                text51                             1043     1043       21         0
                text50                             1409     1409       4D         0
                text49                             1347     1347       3F         0
                text48                             1545     1545       55         0
                text47                             1FB1     1FB1       18         0
                text46                              E2F      E2F       93         0
                text45                             1F3B     1F3B        F         0
                text44                             16AE     16AE       69         0
                text43                             1F4A     1F4A        F         0
                text42                             13C6     13C6       43         0
                text41                             14A3     14A3       51         0
                text40                             1147     1147       2A         0
                text39                             1F7B     1F7B       12         0
                text38                             1FE4     1FE4       1C         0
                text37                             1F8D     1F8D       12         0
                text36                             1F16     1F16        5         0
                text35                             1009     1009       1C         0
                text34                             1F59     1F59       11         0
                text33                             1223     1223       37         0
                text32                              F57      F57       A9         0
                text31                             1025     1025       1E         0
                text30                             15F2     15F2       5B         0
                text29                             1064     1064       23         0
                text28                             125A     125A       3A         0
                text27                              125      125      12B         0
                text26                             164D     164D       61         0
                text25                              D31      D31       7D         0
                text24                             1F23     1F23        8         0
                text23                             10F7     10F7       28         0
                text22                             130A     130A       3D         0
                text21                               19       19      10C         0
                text20                              CCD      CCD       64         0
                text19                             111F     111F       28         0
                text18                              DAE      DAE       81         0
                text17                              EC2      EC2       95         0
                text16                             1456     1456       4D         0
                text15                             1171     1171       2A         0
                text14                             10D1     10D1       26         0
                text13                             159A     159A       58         0
                text12                             14F4     14F4       51         0
                text11                             119B     119B       2A         0
                text10                              536      536      29C         0
                text9                              1717     1717       6D         0
                text8                              1784     1784       7C         0
                text7                              1386     1386       40         0
                text6                              1F2B     1F2B        8         0
                text5                              1FC9     1FC9       1B         0
                text4                              11C5     11C5       2C         0
                text3                              1294     1294       3A         0
                text2                              1000     1000        9         0
                text1                              1087     1087       24         0
                maintext                            3BC      3BC      17A         0
                inittext                           1F6A     1F6A       11         0
                clrtext                            1F33     1F33        8         0
                idataBANK3                         1F9F     1F9F       12         0
                idataBANK1                         1F12     1F12        4         0
                idataBANK0                            3        3        1         0

        CLASS   STRCODE        
                stringtext                          800      800      4CD         0

        CLASS   STRING         

        CLASS   CONST          

        CLASS   ENTRY          

        CLASS   COMMON         
                cstackCOMMON                         70       70        E         1

        CLASS   BANK0          
                cstackBANK0                          20       20       4E         1
                dataBANK0                            6F       6F        1         1
                bssBANK0                             6E       6E        1         1

        CLASS   BANK1          
                cstackBANK1                          E1       E1        4         1
                dataBANK1                            DD       DD        4         1
                bssBANK1                             A0       A0       3D         1

        CLASS   BANK2          

        CLASS   BANK3          
                dataBANK3                           190      190       12         1

        CLASS   RAM            

        CLASS   ABS1           
                abs_s1                               7E       7E        2         1

        CLASS   SFR0           

        CLASS   SFR1           

        CLASS   SFR2           

        CLASS   SFR3           

        CLASS   CONFIG         
                config                             2007     2007        2         0

        CLASS   IDLOC          

        CLASS   EEDATA         



SEGMENTS        Name                           Load    Length   Top    Selector   Space  Class     Delta

                reset_vec                      000000  000004  000004         0       0  CODE        2
                text56                         000004  000015  000019         8       0  CODE        2
                cstackBANK0                    000020  000050  000070        20       1  BANK0       1
                text21                         000019  00010C  000125        32       0  CODE        2
                cstackCOMMON                   000070  00000E  00007E        70       1  COMMON      1
                bssBANK1                       0000A0  000045  0000E5        A0       1  BANK1       1
                dataBANK3                      000190  000012  0001A2       190       1  BANK3       1
                text27                         000125  00012B  000250       24A       0  CODE        2
                text52                         000250  00016C  0003BC       4A0       0  CODE        2
                maintext                       0003BC  00017A  000536       778       0  CODE        2
                text10                         000536  00029C  0007D2       A6C       0  CODE        2
                cinit                          0007D2  00002E  000800       FA4       0  CODE        2
                stringtext                     000800  0004CD  000CCD        10       0  STRCODE     2
                text20                         000CCD  000064  000D31      199A       0  CODE        2
                text25                         000D31  00007D  000DAE      1A62       0  CODE        2
                text18                         000DAE  000081  000E2F      1B5C       0  CODE        2
                text46                         000E2F  000093  000EC2      1C5E       0  CODE        2
                text17                         000EC2  000095  000F57      1D84       0  CODE        2
                text32                         000F57  0000B2  001009      1EAE       0  CODE        2
                text35                         001009  00001C  001025      2012       0  CODE        2
                text31                         001025  00001E  001043      204A       0  CODE        2
                text51                         001043  000021  001064      2086       0  CODE        2
                text29                         001064  000023  001087      20C8       0  CODE        2
                text1                          001087  000024  0010AB      210E       0  CODE        2
                text55                         0010AB  000026  0010D1      2156       0  CODE        2
                text14                         0010D1  000026  0010F7      21A2       0  CODE        2
                text23                         0010F7  000028  00111F      21EE       0  CODE        2
                text19                         00111F  000028  001147      223E       0  CODE        2
                text40                         001147  00002A  001171      228E       0  CODE        2
                text15                         001171  00002A  00119B      22E2       0  CODE        2
                text11                         00119B  00002A  0011C5      2336       0  CODE        2
                text4                          0011C5  00002C  0011F1      238A       0  CODE        2
                text53                         0011F1  000032  001223      23E2       0  CODE        2
                text33                         001223  000037  00125A      2446       0  CODE        2
                text28                         00125A  00003A  001294      24B4       0  CODE        2
                text3                          001294  00003A  0012CE      2528       0  CODE        2
                text54                         0012CE  00003C  00130A      259C       0  CODE        2
                text22                         00130A  00003D  001347      2614       0  CODE        2
                text49                         001347  00003F  001386      268E       0  CODE        2
                text7                          001386  000040  0013C6      270C       0  CODE        2
                text42                         0013C6  000043  001409      278C       0  CODE        2
                text50                         001409  00004D  001456      2812       0  CODE        2
                text16                         001456  00004D  0014A3      28AC       0  CODE        2
                text41                         0014A3  000051  0014F4      2946       0  CODE        2
                text12                         0014F4  000051  001545      29E8       0  CODE        2
                text48                         001545  000055  00159A      2A8A       0  CODE        2
                text13                         00159A  000058  0015F2      2B34       0  CODE        2
                text30                         0015F2  00005B  00164D      2BE4       0  CODE        2
                text26                         00164D  000061  0016AE      2C9A       0  CODE        2
                text44                         0016AE  000069  001717      2D5C       0  CODE        2
                text9                          001717  00006D  001784      2E2E       0  CODE        2
                text8                          001784  00007C  001800      2F08       0  CODE        2
                idataBANK1                     001F12  000004  001F16      3E24       0  CODE        2
                text36                         001F16  000005  001F1B      3E2C       0  CODE        2
                text57                         001F1B  000008  001F23      3E36       0  CODE        2
                text24                         001F23  000008  001F2B      3E46       0  CODE        2
                text6                          001F2B  000008  001F33      3E56       0  CODE        2
                clrtext                        001F33  000008  001F3B      3E66       0  CODE        2
                text45                         001F3B  00000F  001F4A      3E76       0  CODE        2
                text43                         001F4A  00000F  001F59      3E94       0  CODE        2
                text34                         001F59  000011  001F6A      3EB2       0  CODE        2
                inittext                       001F6A  000011  001F7B      3ED4       0  CODE        2
                text39                         001F7B  000012  001F8D      3EF6       0  CODE        2
                text37                         001F8D  000012  001F9F      3F1A       0  CODE        2
                idataBANK3                     001F9F  000012  001FB1      3F3E       0  CODE        2
                text47                         001FB1  000018  001FC9      3F62       0  CODE        2
                text5                          001FC9  00001B  001FE4      3F92       0  CODE        2
                text38                         001FE4  00001C  002000      3FC8       0  CODE        2
                config                         002007  000002  002009      400E       0  CONFIG      2


UNUSED ADDRESS RANGES

        Name                Unused          Largest block    Delta
        BANK1            00E5-00EF              B           1
        BANK2            0110-016F             60           1
        BANK3            01A2-01EF             4E           1
        CODE             1800-1F11            712           2
        CONST            1800-1F11            100           2
        EEDATA           2100-21FF            100           2
        ENTRY            1800-1F11            100           2
        IDLOC            2000-2003              4           2
        RAM              00E5-00EF              B           1
                         0110-016F             60
                         01A2-01EF             4E
        SFR0             0000-001F             20           1
        SFR1             0080-009F             20           1
        SFR2             0100-010F             10           1
        SFR3             0180-018F             10           1
        STACK            0110-016F             60           1
        STRCODE          1800-1F11            712           2
        STRING           1800-1F11            100           2

                                  Symbol Table

?___awmod                               cstackBANK0  0027
?___lmul                                cstackCOMMON 0070
?___lwdiv                               cstackCOMMON 0070
?___lwmod                               cstackCOMMON 0078
?___wmul                                cstackBANK0  003F
?_eeprom_read_int                       cstackBANK0  0033
?_lg_get_num_of_orphan                  cstackBANK0  0033
?_lg_get_weight                         cstackBANK0  0033
?_rand                                  cstackBANK0  0020
?_sprintf                               cstackBANK0  0020
SPI1_write@data                         cstackCOMMON 0071
SPI1_write@i                            cstackCOMMON 0073
SPI1_write@mask                         cstackCOMMON 0072
USARTInit@baud_rate                     cstackCOMMON 0070
USARTWriteChar@ch                       cstackCOMMON 0070
USARTWriteInt@F1605                     bssBANK1     00A0
USARTWriteString@str                    cstackCOMMON 0072
Write_Byte@myColumn                     cstackCOMMON 0075
Write_Byte@myValue                      cstackCOMMON 0074
_ANSELbits                              (abs)        0188
_CARRY                                  (abs)        0018
_EEADR                                  (abs)        010D
_EECON1                                 (abs)        018C
_EECON2                                 (abs)        018D
_EEDATA                                 (abs)        010C
_GIE                                    (abs)        005F
_PEIE                                   (abs)        005E
_PIR1bits                               (abs)        000C
_RA1                                    (abs)        0029
_RA2                                    (abs)        002A
_RA3                                    (abs)        002B
_RCIE                                   (abs)        0465
_RCSTAbits                              (abs)        0018
_RD                                     (abs)        0C60
_SPBRG                                  (abs)        0099
_SPI1_write                             text40       1147
_Seed                                   bssBANK1     00A5
_TRISAbits                              (abs)        0085
_TXREG                                  (abs)        0019
_TXSTAbits                              (abs)        0098
_USARTInit                              text7        1386
_USARTWriteChar                         text57       1F1B
_USARTWriteString                       text56       0004
_WR                                     (abs)        0C61
_WREN                                   (abs)        0C62
_Write_Byte                             text39       1F7B
__CFG_BOR4V$BOR21V                      (abs)        0000
__CFG_BOREN$ON                          (abs)        0000
__CFG_CP$ON                             (abs)        0000
__CFG_CPD$ON                            (abs)        0000
__CFG_FCMEN$ON                          (abs)        0000
__CFG_FOSC$INTRC_NOCLKOUT               (abs)        0000
__CFG_IESO$ON                           (abs)        0000
__CFG_LVP$ON                            (abs)        0000
__CFG_MCLRE$ON                          (abs)        0000
__CFG_PWRTE$OFF                         (abs)        0000
__CFG_WDTE$ON                           (abs)        0000
__CFG_WRT$OFF                           (abs)        0000
__Habs1                                 abs1         0000
__Hbank0                                bank0        0000
__Hbank1                                bank1        0000
__Hbank2                                bank2        0000
__Hbank3                                bank3        0000
__HbssBANK0                             bssBANK0     0000
__HbssBANK1                             bssBANK1     0000
__Hcinit                                cinit        0800
__Hclrtext                              clrtext      0000
__Hcode                                 code         0000
__Hcommon                               common       0000
__Hconfig                               config       2009
__HcstackBANK0                          cstackBANK0  0000
__HcstackBANK1                          cstackBANK1  0000
__HcstackCOMMON                         cstackCOMMON 0000
__HdataBANK0                            dataBANK0    0000
__HdataBANK1                            dataBANK1    0000
__HdataBANK3                            dataBANK3    0000
__Heeprom_data                          eeprom_data  0000
__Hend_init                             end_init     0003
__Hfunctab                              functab      0000
__HidataBANK0                           idataBANK0   0000
__HidataBANK1                           idataBANK1   0000
__HidataBANK3                           idataBANK3   0000
__Hidloc                                idloc        0000
__Hinit                                 init         0000
__Hinittext                             inittext     0000
__Hintentry                             intentry     0000
__Hmaintext                             maintext     0000
__Hpowerup                              powerup      0000
__Hram                                  ram          0000
__Hreset_vec                            reset_vec    0000
__Hsfr0                                 sfr0         0000
__Hsfr1                                 sfr1         0000
__Hsfr2                                 sfr2         0000
__Hsfr3                                 sfr3         0000
__Hspace_0                              (abs)        2009
__Hspace_1                              (abs)        01A2
__Hspace_2                              (abs)        0000
__Hspace_3                              (abs)        0000
__Hstack                                stack        0000
__Hstrings                              strings      0000
__Hstringtext                           stringtext   0000
__Htext                                 text         0000
__Labs1                                 abs1         0000
__Lbank0                                bank0        0000
__Lbank1                                bank1        0000
__Lbank2                                bank2        0000
__Lbank3                                bank3        0000
__LbssBANK0                             bssBANK0     0000
__LbssBANK1                             bssBANK1     0000
__Lcinit                                cinit        07D2
__Lclrtext                              clrtext      0000
__Lcode                                 code         0000
__Lcommon                               common       0000
__Lconfig                               config       2007
__LcstackBANK0                          cstackBANK0  0000
__LcstackBANK1                          cstackBANK1  0000
__LcstackCOMMON                         cstackCOMMON 0000
__LdataBANK0                            dataBANK0    0000
__LdataBANK1                            dataBANK1    0000
__LdataBANK3                            dataBANK3    0000
__Leeprom_data                          eeprom_data  0000
__Lend_init                             end_init     0000
__Lfunctab                              functab      0000
__LidataBANK0                           idataBANK0   0000
__LidataBANK1                           idataBANK1   0000
__LidataBANK3                           idataBANK3   0000
__Lidloc                                idloc        0000
__Linit                                 init         0000
__Linittext                             inittext     0000
__Lintentry                             intentry     0000
__Lmaintext                             maintext     0000
__Lpowerup                              powerup      0000
__Lram                                  ram          0000
__Lreset_vec                            reset_vec    0000
__Lsfr0                                 sfr0         0000
__Lsfr1                                 sfr1         0000
__Lsfr2                                 sfr2         0000
__Lsfr3                                 sfr3         0000
__Lspace_0                              (abs)        0000
__Lspace_1                              (abs)        0000
__Lspace_2                              (abs)        0000
__Lspace_3                              (abs)        0000
__Lstack                                stack        0000
__Lstrings                              strings      0000
__Lstringtext                           stringtext   0000
__Ltext                                 text         0000
__S0                                    (abs)        2009
__S1                                    (abs)        01A2
__S2                                    (abs)        0000
__S3                                    (abs)        0000
___awmod                                text50       1409
___awmod@counter                        cstackBANK0  002B
___awmod@dividend                       cstackBANK0  0029
___awmod@divisor                        cstackBANK0  0027
___awmod@sign                           cstackBANK0  002C
___int_sp                               stack        0000
___latbits                              (abs)        0002
___lmul                                 text49       1347
___lmul@multiplicand                    cstackCOMMON 0074
___lmul@multiplier                      cstackCOMMON 0070
___lmul@product                         cstackCOMMON 0079
___lwdiv                                text54       12CE
___lwdiv@counter                        cstackCOMMON 0077
___lwdiv@dividend                       cstackCOMMON 0072
___lwdiv@divisor                        cstackCOMMON 0070
___lwdiv@quotient                       cstackCOMMON 0075
___lwmod                                text53       11F1
___lwmod@counter                        cstackCOMMON 007D
___lwmod@dividend                       cstackCOMMON 007A
___lwmod@divisor                        cstackCOMMON 0078
___sp                                   stack        0000
___wmul                                 text29       1064
___wmul@multiplicand                    cstackBANK0  0041
___wmul@multiplier                      cstackBANK0  003F
___wmul@product                         cstackBANK0  0043
__end_of_SPI1_write                     text40       1171
__end_of_USARTInit                      text7        13C6
__end_of_USARTWriteChar                 text57       1F23
__end_of_USARTWriteString               text56       0019
__end_of_Write_Byte                     text39       1F8D
__end_of___awmod                        text50       1456
__end_of___lmul                         text49       1386
__end_of___lwdiv                        text54       130A
__end_of___lwmod                        text53       1223
__end_of___wmul                         text29       1087
__end_of__initialization                cinit        07FC
__end_of__stringtab                     stringtext   0812
__end_of_dbg_init                       text6        1F33
__end_of_dbg_print_MATRIX4x4            text27       0250
__end_of_dbg_print_MATRIX8x8            text32       1000
__end_of_dbg_print_Screen               text28       1294
__end_of_dbg_print_cur_MATRIX4x4        text26       16AE
__end_of_dpowers                        stringtext   081C
__end_of_eeprom_read                    text5        1FE4
__end_of_eeprom_read_int                text4        11F1
__end_of_eeprom_write                   text55       10D1
__end_of_eeprom_write_int               text51       1064
__end_of_g_matrix4x4                    stringtext   0884
__end_of_get_matrix_bit                 text45       1F4A
__end_of_getbit                         text46       0EC2
__end_of_hal_MATRIX8x8_to_MATRIX7219    text41       14F4
__end_of_hal_print_MATRIX7219           text38       2000
__end_of_hal_print_MATRIX8x8            text37       1F9F
__end_of_hal_print_Screen               text36       1F1B
__end_of_hexpowers                      stringtext   0824
__end_of_lg_char_info_index_rand        text47       1FC9
__end_of_lg_clear                       text42       1409
__end_of_lg_clear_matrix                text34       1F6A
__end_of_lg_delete_matrix               text30       164D
__end_of_lg_delete_matrix_row           text33       125A
__end_of_lg_fall_off                    text25       0DAE
__end_of_lg_find_best_solution          text10       07D2
__end_of_lg_get_height                  text23       111F
__end_of_lg_get_height_after_merge      text22       1347
__end_of_lg_get_holes_after_merge       text21       0125
__end_of_lg_get_num_of_orphan           text20       0D31
__end_of_lg_get_num_removed_rows        text19       1147
__end_of_lg_get_weight                  text18       0E2F
__end_of_lg_hit_land                    text9        1784
__end_of_lg_is_left_boundary            text16       14A3
__end_of_lg_is_right_boundary           text12       1545
__end_of_lg_is_row_empty                text24       1F2B
__end_of_lg_is_row_full                 text31       1043
__end_of_lg_is_valid                    text17       0F57
__end_of_lg_left_most                   text15       119B
__end_of_lg_merge                       text8        1800
__end_of_lg_merge1                      text13       15F2
__end_of_lg_right_most                  text11       11C5
__end_of_main                           maintext     0536
__end_of_main_init                      text1        10AB
__end_of_max7219_init1                  text3        12CE
__end_of_memcpy                         text14       10F7
__end_of_memset                         text35       1025
__end_of_rand                           text48       159A
__end_of_set_matrix_bit                 text43       1F59
__end_of_setbit                         text44       1717
__end_of_sprintf                        text52       03BC
__end_of_srand                          text2        1009
__initialization                        cinit        07D2
__pbssBANK0                             bssBANK0     006E
__pbssBANK1                             bssBANK1     00A0
__pcstackBANK0                          cstackBANK0  0020
__pcstackBANK1                          cstackBANK1  00E1
__pcstackCOMMON                         cstackCOMMON 0070
__pdataBANK0                            dataBANK0    006F
__pdataBANK1                            dataBANK1    00DD
__pdataBANK3                            dataBANK3    0190
__pidataBANK0                           idataBANK0   0003
__pidataBANK1                           idataBANK1   1F12
__pidataBANK3                           idataBANK3   1F9F
__pmaintext                             maintext     03BC
__pstringtext                           stringtext   0800
__ptext1                                text1        1087
__ptext10                               text10       0536
__ptext11                               text11       119B
__ptext12                               text12       14F4
__ptext13                               text13       159A
__ptext14                               text14       10D1
__ptext15                               text15       1171
__ptext16                               text16       1456
__ptext17                               text17       0EC2
__ptext18                               text18       0DAE
__ptext19                               text19       111F
__ptext2                                text2        1000
__ptext20                               text20       0CCD
__ptext21                               text21       0019
__ptext22                               text22       130A
__ptext23                               text23       10F7
__ptext24                               text24       1F23
__ptext25                               text25       0D31
__ptext26                               text26       164D
__ptext27                               text27       0125
__ptext28                               text28       125A
__ptext29                               text29       1064
__ptext3                                text3        1294
__ptext30                               text30       15F2
__ptext31                               text31       1025
__ptext32                               text32       0F57
__ptext33                               text33       1223
__ptext34                               text34       1F59
__ptext35                               text35       1009
__ptext36                               text36       1F16
__ptext37                               text37       1F8D
__ptext38                               text38       1FE4
__ptext39                               text39       1F7B
__ptext4                                text4        11C5
__ptext40                               text40       1147
__ptext41                               text41       14A3
__ptext42                               text42       13C6
__ptext43                               text43       1F4A
__ptext44                               text44       16AE
__ptext45                               text45       1F3B
__ptext46                               text46       0E2F
__ptext47                               text47       1FB1
__ptext48                               text48       1545
__ptext49                               text49       1347
__ptext5                                text5        1FC9
__ptext50                               text50       1409
__ptext51                               text51       1043
__ptext52                               text52       0250
__ptext53                               text53       11F1
__ptext54                               text54       12CE
__ptext55                               text55       10AB
__ptext56                               text56       0004
__ptext57                               text57       1F1B
__ptext6                                text6        1F2B
__ptext7                                text7        1386
__ptext8                                text8        1784
__ptext9                                text9        1717
__size_of_SPI1_write                    (abs)        0000
__size_of_USARTInit                     (abs)        0000
__size_of_USARTWriteChar                (abs)        0000
__size_of_USARTWriteString              (abs)        0000
__size_of_Write_Byte                    (abs)        0000
__size_of___awmod                       (abs)        0000
__size_of___lmul                        (abs)        0000
__size_of___lwdiv                       (abs)        0000
__size_of___lwmod                       (abs)        0000
__size_of___wmul                        (abs)        0000
__size_of_dbg_init                      (abs)        0000
__size_of_dbg_print_MATRIX4x4           (abs)        0000
__size_of_dbg_print_MATRIX8x8           (abs)        0000
__size_of_dbg_print_Screen              (abs)        0000
__size_of_dbg_print_cur_MATRIX4x4       (abs)        0000
__size_of_eeprom_read                   (abs)        0000
__size_of_eeprom_read_int               (abs)        0000
__size_of_eeprom_write                  (abs)        0000
__size_of_eeprom_write_int              (abs)        0000
__size_of_get_matrix_bit                (abs)        0000
__size_of_getbit                        (abs)        0000
__size_of_hal_MATRIX8x8_to_MATRIX7219   (abs)        0000
__size_of_hal_print_MATRIX7219          (abs)        0000
__size_of_hal_print_MATRIX8x8           (abs)        0000
__size_of_hal_print_Screen              (abs)        0000
__size_of_lg_char_info_index_rand       (abs)        0000
__size_of_lg_clear                      (abs)        0000
__size_of_lg_clear_matrix               (abs)        0000
__size_of_lg_delete_matrix              (abs)        0000
__size_of_lg_delete_matrix_row          (abs)        0000
__size_of_lg_fall_off                   (abs)        0000
__size_of_lg_find_best_solution         (abs)        0000
__size_of_lg_get_height                 (abs)        0000
__size_of_lg_get_height_after_merge     (abs)        0000
__size_of_lg_get_holes_after_merge      (abs)        0000
__size_of_lg_get_num_of_orphan          (abs)        0000
__size_of_lg_get_num_removed_rows       (abs)        0000
__size_of_lg_get_weight                 (abs)        0000
__size_of_lg_hit_land                   (abs)        0000
__size_of_lg_is_left_boundary           (abs)        0000
__size_of_lg_is_right_boundary          (abs)        0000
__size_of_lg_is_row_empty               (abs)        0000
__size_of_lg_is_row_full                (abs)        0000
__size_of_lg_is_valid                   (abs)        0000
__size_of_lg_left_most                  (abs)        0000
__size_of_lg_merge                      (abs)        0000
__size_of_lg_merge1                     (abs)        0000
__size_of_lg_right_most                 (abs)        0000
__size_of_main                          (abs)        0000
__size_of_main_init                     (abs)        0000
__size_of_max7219_init1                 (abs)        0000
__size_of_memcpy                        (abs)        0000
__size_of_memset                        (abs)        0000
__size_of_rand                          (abs)        0000
__size_of_set_matrix_bit                (abs)        0000
__size_of_setbit                        (abs)        0000
__size_of_sprintf                       (abs)        0000
__size_of_srand                         (abs)        0000
__stringbase                            stringtext   0812
__stringtab                             stringtext   0800
_cur_x                                  dataBANK0    006F
_cur_y                                  bssBANK1     00AB
_dbg_init                               text6        1F2B
_dbg_print_MATRIX4x4                    text27       0125
_dbg_print_MATRIX8x8                    text32       0F57
_dbg_print_Screen                       text28       125A
_dbg_print_cur_MATRIX4x4                text26       164D
_dpowers                                stringtext   0812
_eeprom_read                            text5        1FC9
_eeprom_read_int                        text4        11C5
_eeprom_write                           text55       10AB
_eeprom_write_int                       text51       1043
_g_char_info                            dataBANK3    0190
_g_char_info_index                      bssBANK0     006E
_g_char_info_sub_index                  bssBANK1     00AC
_g_cur_matrix4x4                        bssBANK1     00A7
_g_debug                                bssBANK1     00AD
_g_matrix4x4                            stringtext   0824
_g_matrix8x8                            bssBANK1     00CD
_get_matrix_bit                         text45       1F3B
_getbit                                 text46       0E2F
_hal_MATRIX8x8_to_MATRIX7219            text41       14A3
_hal_print_MATRIX7219                   text38       1FE4
_hal_print_MATRIX8x8                    text37       1F8D
_hal_print_Screen                       text36       1F16
_hexpowers                              stringtext   081C
_lg_char_info_index_rand                text47       1FB1
_lg_clear                               text42       13C6
_lg_clear_matrix                        text34       1F59
_lg_delete_matrix                       text30       15F2
_lg_delete_matrix_row                   text33       1223
_lg_fall_off                            text25       0D31
_lg_find_best_solution                  text10       0536
_lg_get_height                          text23       10F7
_lg_get_height_after_merge              text22       130A
_lg_get_holes_after_merge               text21       0019
_lg_get_num_of_orphan                   text20       0CCD
_lg_get_num_removed_rows                text19       111F
_lg_get_weight                          text18       0DAE
_lg_hit_land                            text9        1717
_lg_is_left_boundary                    text16       1456
_lg_is_right_boundary                   text12       14F4
_lg_is_row_empty                        text24       1F23
_lg_is_row_full                         text31       1025
_lg_is_valid                            text17       0EC2
_lg_left_most                           text15       1171
_lg_merge                               text8        1784
_lg_merge1                              text13       159A
_lg_right_most                          text11       119B
_main                                   maintext     03BC
_main_init                              text1        1087
_max7219_init1                          text3        1294
_memcpy                                 text14       10D1
_memset                                 text35       1009
_rand                                   text48       1545
_randx                                  dataBANK1    00DD
_set_matrix_bit                         text43       1F4A
_setbit                                 text44       16AE
_sprintf                                text52       0250
_srand                                  text2        1000
_temp_cur_matrix4x4                     bssBANK1     00A9
_temp_matrix8x8                         bssBANK1     00D5
btemp                                   (abs)        007E
clear_ram0                              clrtext      1F33
dbg_print_MATRIX4x4@col                 cstackBANK0  0041
dbg_print_MATRIX4x4@enable              cstackBANK0  003F
dbg_print_MATRIX4x4@lable               cstackBANK0  0033
dbg_print_MATRIX4x4@matrix              cstackBANK0  0037
dbg_print_MATRIX4x4@row                 cstackBANK0  0040
dbg_print_MATRIX4x4@x                   cstackBANK0  0035
dbg_print_MATRIX4x4@y                   cstackBANK0  0036
dbg_print_MATRIX8x8@col                 cstackBANK0  003A
dbg_print_MATRIX8x8@enable              cstackBANK0  0038
dbg_print_MATRIX8x8@lable               cstackBANK0  0033
dbg_print_MATRIX8x8@matrix              cstackBANK0  0035
dbg_print_MATRIX8x8@row                 cstackBANK0  0039
dbg_print_Screen@enable                 cstackBANK0  003E
dbg_print_Screen@lable                  cstackBANK0  003B
dbg_print_cur_MATRIX4x4@enable          cstackBANK0  004C
dbg_print_cur_MATRIX4x4@lable           cstackBANK0  0042
dbg_print_cur_MATRIX4x4@matrix          cstackBANK0  004A
dbg_print_cur_MATRIX4x4@x               cstackBANK0  0044
dbg_print_cur_MATRIX4x4@y               cstackBANK0  0045
eeprom_read@addr                        cstackCOMMON 0071
eeprom_read_int@at                      cstackBANK0  0037
eeprom_read_int@value                   cstackBANK0  0038
eeprom_write@addr                       cstackCOMMON 0072
eeprom_write@value                      cstackCOMMON 0070
eeprom_write_int@at                     cstackBANK0  0036
eeprom_write_int@temp                   cstackBANK0  0037
eeprom_write_int@value                  cstackBANK0  0033
end_of_initialization                   cinit        07FC
get_matrix_bit@byte                     cstackCOMMON 0077
get_matrix_bit@col                      cstackCOMMON 007A
get_matrix_bit@row                      cstackCOMMON 0079
getbit@at                               cstackCOMMON 0072
getbit@byte                             cstackCOMMON 0070
getbit@temp                             cstackCOMMON 0075
hal_MATRIX8x8_to_MATRIX7219@col         cstackBANK0  0025
hal_MATRIX8x8_to_MATRIX7219@mask        cstackBANK0  0023
hal_MATRIX8x8_to_MATRIX7219@matrix7219  cstackCOMMON 007C
hal_MATRIX8x8_to_MATRIX7219@matrix8x8   cstackBANK0  0022
hal_MATRIX8x8_to_MATRIX7219@row         cstackBANK0  0024
hal_print_MATRIX7219@col                cstackCOMMON 0079
hal_print_MATRIX7219@matrix7219         cstackCOMMON 0078
hal_print_MATRIX8x8@matrix7219          cstackBANK0  0027
hal_print_MATRIX8x8@matrix88            cstackBANK0  0026
init_fetch0                             inittext     1F6A
init_ram0                               inittext     1F6E
intlevel0                               functab      0000
intlevel1                               functab      0000
intlevel2                               functab      0000
intlevel3                               functab      0000
intlevel4                               functab      0000
intlevel5                               functab      0000
lg_clear@col                            cstackBANK0  0026
lg_clear@matrix4x4                      cstackBANK0  0021
lg_clear@matrix8x8                      cstackBANK0  0023
lg_clear@row                            cstackBANK0  0025
lg_clear@x                              cstackBANK0  0024
lg_clear@y                              cstackBANK0  0020
lg_delete_matrix@count                  cstackBANK0  0042
lg_delete_matrix@matrix                 cstackBANK0  0043
lg_delete_matrix@row                    cstackBANK0  0044
lg_delete_matrix_row@i                  cstackCOMMON 0075
lg_delete_matrix_row@matrix             cstackCOMMON 0074
lg_delete_matrix_row@row                cstackCOMMON 0070
lg_fall_off@col                         cstackBANK0  003A
lg_fall_off@matrix4x4                   cstackBANK0  0034
lg_fall_off@matrix8x8                   cstackBANK0  0036
lg_fall_off@row                         cstackBANK0  003B
lg_fall_off@x                           cstackBANK0  0039
lg_fall_off@y                           cstackBANK0  0033
lg_find_best_solution@left_most_index   cstackBANK0  005F
lg_find_best_solution@res               cstackBANK0  0061
lg_find_best_solution@right_most_index  cstackBANK0  0060
lg_find_best_solution@tem_pre_sub_index cstackBANK0  0065
lg_find_best_solution@tem_sub_index     cstackBANK0  0066
lg_find_best_solution@temp_high         cstackBANK0  0062
lg_find_best_solution@temp_pre_risk     cstackBANK0  0067
lg_find_best_solution@temp_pre_x        cstackBANK0  0064
lg_find_best_solution@temp_risk         cstackBANK0  0069
lg_find_best_solution@temp_x            cstackBANK0  006C
lg_find_best_solution@temp_y            cstackBANK0  006B
lg_get_height@matrix                    cstackBANK0  0035
lg_get_height@row                       cstackBANK0  0036
lg_get_height_after_merge@col           cstackBANK0  0038
lg_get_height_after_merge@matrix        cstackBANK0  0033
lg_get_height_after_merge@row           cstackBANK0  0039
lg_get_height_after_merge@y             cstackBANK0  0037
lg_get_holes_after_merge@col            cstackBANK0  003D
lg_get_holes_after_merge@matrix         cstackBANK0  003C
lg_get_holes_after_merge@num_hole       cstackBANK0  0039
lg_get_holes_after_merge@row            cstackBANK0  003E
lg_get_holes_after_merge@start          cstackBANK0  003B
lg_get_holes_after_merge@stop           cstackBANK0  003A
lg_get_num_of_orphan@col                cstackBANK0  003C
lg_get_num_of_orphan@full               cstackBANK0  003A
lg_get_num_of_orphan@matrix             cstackBANK0  003B
lg_get_num_of_orphan@risk               cstackBANK0  0038
lg_get_num_of_orphan@row                cstackBANK0  003D
lg_get_num_removed_rows@count           cstackBANK0  0043
lg_get_num_removed_rows@matrix          cstackBANK0  0042
lg_get_num_removed_rows@row             cstackBANK0  0044
lg_get_weight@col                       cstackBANK0  003D
lg_get_weight@matrix                    cstackBANK0  003B
lg_get_weight@pre                       cstackBANK0  003C
lg_get_weight@risk                      cstackBANK0  0039
lg_get_weight@row                       cstackBANK0  003E
lg_get_weight@start                     cstackBANK0  0038
lg_hit_land@col                         cstackBANK0  003A
lg_hit_land@matrix4x4                   cstackBANK0  0034
lg_hit_land@matrix8x8                   cstackBANK0  0036
lg_hit_land@row                         cstackBANK0  003B
lg_hit_land@x                           cstackBANK0  0039
lg_hit_land@y                           cstackBANK0  0033
lg_is_left_boundary@col                 cstackBANK0  003D
lg_is_left_boundary@matrix4x4           cstackBANK0  0033
lg_is_left_boundary@matrix8x8           cstackBANK0  0035
lg_is_left_boundary@row                 cstackBANK0  003C
lg_is_left_boundary@x                   cstackBANK0  003B
lg_is_right_boundary@col                cstackBANK0  003A
lg_is_right_boundary@matrix4x4          cstackBANK0  0033
lg_is_right_boundary@matrix8x8          cstackBANK0  0035
lg_is_right_boundary@row                cstackBANK0  0039
lg_is_right_boundary@x                  cstackBANK0  0038
lg_is_row_empty@matrix                  cstackCOMMON 0071
lg_is_row_empty@row                     cstackCOMMON 0070
lg_is_row_full@matrix                   cstackBANK0  003F
lg_is_row_full@row                      cstackBANK0  003B
lg_is_valid@col                         cstackBANK0  003B
lg_is_valid@matrix4x4                   cstackBANK0  0034
lg_is_valid@matrix8x8                   cstackBANK0  0036
lg_is_valid@row                         cstackBANK0  003A
lg_is_valid@x                           cstackBANK0  0039
lg_is_valid@y                           cstackBANK0  0033
lg_left_most@matrix4x4                  cstackBANK0  003E
lg_left_most@matrix8x8                  cstackBANK0  0040
lg_left_most@x                          cstackBANK0  0042
lg_merge1@col                           cstackBANK0  0029
lg_merge1@len                           cstackBANK0  0025
lg_merge1@matrix4x4                     cstackBANK0  0021
lg_merge1@matrix8x8_in                  cstackBANK0  0023
lg_merge1@matrix8x8_out                 cstackBANK0  0024
lg_merge1@row                           cstackBANK0  0028
lg_merge1@x                             cstackBANK0  0027
lg_merge1@y                             cstackBANK0  0020
lg_merge@col                            cstackBANK0  004A
lg_merge@matrix4x4                      cstackBANK0  0043
lg_merge@matrix8x8                      cstackBANK0  0045
lg_merge@row                            cstackBANK0  0049
lg_merge@x                              cstackBANK0  0048
lg_merge@y                              cstackBANK0  0042
lg_right_most@matrix4x4                 cstackBANK0  003B
lg_right_most@matrix8x8                 cstackBANK0  003D
lg_right_most@x                         cstackBANK0  0040
ltemp                                   (abs)        007E
ltemp0                                  (abs)        007E
ltemp1                                  (abs)        0082
ltemp2                                  (abs)        0086
ltemp3                                  (abs)        0080
main@hit_res                            cstackBANK0  006D
memcpy@d                                cstackCOMMON 0075
memcpy@d1                               cstackCOMMON 0074
memcpy@n                                cstackCOMMON 0071
memcpy@s                                cstackCOMMON 0076
memcpy@s1                               cstackCOMMON 0070
memset@c                                cstackCOMMON 0070
memset@n                                cstackCOMMON 0072
memset@p                                cstackCOMMON 0076
memset@p1                               cstackCOMMON 0075
reset_vec                               reset_vec    0000
set_matrix_bit@byte                     cstackCOMMON 007A
set_matrix_bit@col                      cstackCOMMON 0076
set_matrix_bit@row                      cstackCOMMON 0075
set_matrix_bit@value                    cstackCOMMON 0077
setbit@at                               cstackCOMMON 0070
setbit@byte                             cstackCOMMON 0073
setbit@temp                             cstackCOMMON 0074
setbit@value                            cstackCOMMON 0071
sprintf@ap                              cstackBANK0  002C
sprintf@c                               cstackBANK0  0031
sprintf@f                               cstackBANK0  0020
sprintf@flag                            cstackBANK0  002E
sprintf@idx                             cstackBANK0  002B
sprintf@prec                            cstackBANK0  002D
sprintf@sp                              cstackBANK0  0032
sprintf@val                             cstackBANK0  002F
srand@x                                 cstackCOMMON 0070
stackhi                                 (abs)        0000
stacklo                                 (abs)        0000
start                                   init         0000
start_initialization                    cinit        07D2
ttemp                                   (abs)        007E
ttemp0                                  (abs)        007E
ttemp1                                  (abs)        0081
ttemp2                                  (abs)        0084
ttemp3                                  (abs)        0087
ttemp4                                  (abs)        007F
wtemp                                   (abs)        007E
wtemp0                                  (abs)        007E
wtemp1                                  (abs)        0080
wtemp2                                  (abs)        0082
wtemp3                                  (abs)        0084
wtemp4                                  (abs)        0086
wtemp5                                  (abs)        0088
wtemp6                                  (abs)        007F


FUNCTION INFORMATION:

 *************** function _main *****************
 Defined at:
		line 85 in file "../main.c"
 Parameters:    Size  Location     Type
		None
 Auto vars:     Size  Location     Type
  hit_res         1   77[BANK0 ] unsigned char 
 Return value:  Size  Location     Type
                  2  615[None  ] int 
 Registers used:
		wreg, fsr0l, fsr0h, status,2, status,0, btemp+1, pclath, cstack
 Tracked objects:
		On entry : 
		On exit  : 
		Unchanged: 
 Data sizes:     COMMON   BANK0   BANK1   BANK3   BANK2
      Params:         0       0       0       0       0
      Locals:         0       1       0       0       0
      Temps:          0       0       4       0       0
      Totals:         0       1       4       0       0
Total ram usage:        5 bytes
 Hardware stack levels required when called:    7
 This function calls:
		_USARTWriteString
		_dbg_print_MATRIX8x8
		_eeprom_write_int
		_hal_print_Screen
		_lg_char_info_index_rand
		_lg_clear
		_lg_clear_matrix
		_lg_delete_matrix
		_lg_find_best_solution
		_lg_hit_land
		_lg_merge
		_main_init
		_sprintf
 This function is called by:
		Startup code after reset
 This function uses a non-reentrant model


 *************** function _main_init *****************
 Defined at:
		line 65 in file "../main.c"
 Parameters:    Size  Location     Type
		None
 Auto vars:     Size  Location     Type
		None
 Return value:  Size  Location     Type
                  1    wreg      void 
 Registers used:
		wreg, fsr0l, fsr0h, status,2, status,0, btemp+1, pclath, cstack
 Tracked objects:
		On entry : 
		On exit  : 
		Unchanged: 
 Data sizes:     COMMON   BANK0   BANK1   BANK3   BANK2
      Params:         0       0       0       0       0
      Locals:         0       0       0       0       0
      Temps:          0       0       0       0       0
      Totals:         0       0       0       0       0
Total ram usage:        0 bytes
 Hardware stack levels used:    1
 Hardware stack levels required when called:    3
 This function calls:
		_dbg_init
		_eeprom_read_int
		_max7219_init1
		_srand
 This function is called by:
		_main
 This function uses a non-reentrant model


 *************** function _srand *****************
 Defined at:
		line 6 in file "C:\Program Files (x86)\Microchip\xc8\v1.37\sources\common\rand.c"
 Parameters:    Size  Location     Type
  x               2    0[COMMON] unsigned int 
 Auto vars:     Size  Location     Type
		None
 Return value:  Size  Location     Type
                  1    wreg      void 
 Registers used:
		wreg
 Tracked objects:
		On entry : 
		On exit  : 
		Unchanged: 
 Data sizes:     COMMON   BANK0   BANK1   BANK3   BANK2
      Params:         2       0       0       0       0
      Locals:         0       0       0       0       0
      Temps:          0       0       0       0       0
      Totals:         2       0       0       0       0
Total ram usage:        2 bytes
 Hardware stack levels used:    1
 This function calls:
		Nothing
 This function is called by:
		_main_init
 This function uses a non-reentrant model


 *************** function _max7219_init1 *****************
 Defined at:
		line 49 in file "../max7219.h"
 Parameters:    Size  Location     Type
		None
 Auto vars:     Size  Location     Type
		None
 Return value:  Size  Location     Type
                  1    wreg      void 
 Registers used:
		wreg, status,2, status,0, pclath, cstack
 Tracked objects:
		On entry : 
		On exit  : 
		Unchanged: 
 Data sizes:     COMMON   BANK0   BANK1   BANK3   BANK2
      Params:         0       0       0       0       0
      Locals:         0       0       0       0       0
      Temps:          1       0       0       0       0
      Totals:         1       0       0       0       0
Total ram usage:        1 bytes
 Hardware stack levels used:    1
 Hardware stack levels required when called:    2
 This function calls:
		_Write_Byte
 This function is called by:
		_main_init
 This function uses a non-reentrant model


 *************** function _eeprom_read_int *****************
 Defined at:
		line 12 in file "../eeprom_operator.h"
 Parameters:    Size  Location     Type
  at              1    wreg     unsigned char 
 Auto vars:     Size  Location     Type
  at              1   23[BANK0 ] unsigned char 
  value           2   24[BANK0 ] unsigned int 
 Return value:  Size  Location     Type
                  2   19[BANK0 ] unsigned int 
 Registers used:
		wreg, fsr0l, fsr0h, status,2, status,0, btemp+1, pclath, cstack
 Tracked objects:
		On entry : 
		On exit  : 
		Unchanged: 
 Data sizes:     COMMON   BANK0   BANK1   BANK3   BANK2
      Params:         0       2       0       0       0
      Locals:         0       3       0       0       0
      Temps:          0       2       0       0       0
      Totals:         0       7       0       0       0
Total ram usage:        7 bytes
 Hardware stack levels used:    1
 Hardware stack levels required when called:    2
 This function calls:
		_USARTWriteString
		_eeprom_read
		_sprintf
 This function is called by:
		_main_init
 This function uses a non-reentrant model


 *************** function _eeprom_read *****************
 Defined at:
		line 6 in file "C:\Program Files (x86)\Microchip\xc8\v1.37\sources\pic\eeread.c"
 Parameters:    Size  Location     Type
  addr            1    wreg     unsigned char 
 Auto vars:     Size  Location     Type
  addr            1    1[COMMON] unsigned char 
 Return value:  Size  Location     Type
                  1    wreg      unsigned char 
 Registers used:
		wreg, status,2, status,0
 Tracked objects:
		On entry : 
		On exit  : 
		Unchanged: 
 Data sizes:     COMMON   BANK0   BANK1   BANK3   BANK2
      Params:         0       0       0       0       0
      Locals:         1       0       0       0       0
      Temps:          1       0       0       0       0
      Totals:         2       0       0       0       0
Total ram usage:        2 bytes
 Hardware stack levels used:    1
 This function calls:
		Nothing
 This function is called by:
		_eeprom_read_int
 This function uses a non-reentrant model


 *************** function _dbg_init *****************
 Defined at:
		line 83 in file "../debug_uart.h"
 Parameters:    Size  Location     Type
		None
 Auto vars:     Size  Location     Type
		None
 Return value:  Size  Location     Type
                  1    wreg      void 
 Registers used:
		wreg, fsr0l, fsr0h, status,2, status,0, pclath, cstack
 Tracked objects:
		On entry : 
		On exit  : 
		Unchanged: 
 Data sizes:     COMMON   BANK0   BANK1   BANK3   BANK2
      Params:         0       0       0       0       0
      Locals:         0       0       0       0       0
      Temps:          0       0       0       0       0
      Totals:         0       0       0       0       0
Total ram usage:        0 bytes
 Hardware stack levels used:    1
 Hardware stack levels required when called:    1
 This function calls:
		_USARTInit
 This function is called by:
		_main_init
 This function uses a non-reentrant model


 *************** function _USARTInit *****************
 Defined at:
		line 31 in file "../usart_pic16.c"
 Parameters:    Size  Location     Type
  baud_rate       2    0[COMMON] unsigned int 
 Auto vars:     Size  Location     Type
		None
 Return value:  Size  Location     Type
                  1    wreg      void 
 Registers used:
		wreg, fsr0l, fsr0h, status,2, status,0
 Tracked objects:
		On entry : 
		On exit  : 
		Unchanged: 
 Data sizes:     COMMON   BANK0   BANK1   BANK3   BANK2
      Params:         2       0       0       0       0
      Locals:         0       0       0       0       0
      Temps:          0       0       0       0       0
      Totals:         2       0       0       0       0
Total ram usage:        2 bytes
 Hardware stack levels used:    1
 This function calls:
		Nothing
 This function is called by:
		_dbg_init
 This function uses a non-reentrant model


 *************** function _lg_merge *****************
 Defined at:
		line 231 in file "../logic.h"
 Parameters:    Size  Location     Type
  x               1    wreg     char 
  y               1   34[BANK0 ] char 
  matrix4x4       2   35[BANK0 ] PTR const struct .
		 -> NULL(0), g_matrix4x4(96), 
  matrix8x8       1   37[BANK0 ] PTR struct .
		 -> g_matrix8x8(8), 
 Auto vars:     Size  Location     Type
  x               1   40[BANK0 ] char 
  col             1   42[BANK0 ] unsigned char 
  row             1   41[BANK0 ] unsigned char 
 Return value:  Size  Location     Type
                  1    wreg      void 
 Registers used:
		wreg, fsr0l, fsr0h, status,2, status,0, btemp+1, pclath, cstack
 Tracked objects:
		On entry : 
		On exit  : 
		Unchanged: 
 Data sizes:     COMMON   BANK0   BANK1   BANK3   BANK2
      Params:         0       4       0       0       0
      Locals:         0       3       0       0       0
      Temps:          0       2       0       0       0
      Totals:         0       9       0       0       0
Total ram usage:        9 bytes
 Hardware stack levels used:    1
 Hardware stack levels required when called:    4
 This function calls:
		_dbg_print_MATRIX4x4
		_dbg_print_MATRIX8x8
		_get_matrix_bit
		_set_matrix_bit
 This function is called by:
		_main
 This function uses a non-reentrant model


 *************** function _lg_hit_land *****************
 Defined at:
		line 90 in file "../logic.h"
 Parameters:    Size  Location     Type
  x               1    wreg     char 
  y               1   19[BANK0 ] char 
  matrix4x4       2   20[BANK0 ] PTR const struct .
		 -> NULL(0), g_matrix4x4(96), 
  matrix8x8       1   22[BANK0 ] PTR const struct .
		 -> g_matrix8x8(8), 
 Auto vars:     Size  Location     Type
  x               1   25[BANK0 ] char 
  col             1   26[BANK0 ] char 
  row             1   27[BANK0 ] char 
 Return value:  Size  Location     Type
                  1    wreg      unsigned char 
 Registers used:
		wreg, fsr0l, fsr0h, status,2, status,0, btemp+1, pclath, cstack
 Tracked objects:
		On entry : 
		On exit  : 
		Unchanged: 
 Data sizes:     COMMON   BANK0   BANK1   BANK3   BANK2
      Params:         0       4       0       0       0
      Locals:         0       3       0       0       0
      Temps:          0       2       0       0       0
      Totals:         0       9       0       0       0
Total ram usage:        9 bytes
 Hardware stack levels used:    1
 Hardware stack levels required when called:    3
 This function calls:
		_USARTWriteString
		_get_matrix_bit
		_sprintf
 This function is called by:
		_main
 This function uses a non-reentrant model


 *************** function _lg_find_best_solution *****************
 Defined at:
		line 475 in file "../logic.h"
 Parameters:    Size  Location     Type
		None
 Auto vars:     Size  Location     Type
  temp_x          1   76[BANK0 ] char 
  tem_sub_inde    1   70[BANK0 ] unsigned char 
  temp_risk       2   73[BANK0 ] int 
  temp_pre_ris    2   71[BANK0 ] int 
  temp_high       2   66[BANK0 ] unsigned int 
  temp_y          1   75[BANK0 ] char 
  tem_pre_sub_    1   69[BANK0 ] char 
  temp_pre_x      1   68[BANK0 ] char 
  res             1   65[BANK0 ] unsigned char 
  right_most_i    1   64[BANK0 ] char 
  left_most_in    1   63[BANK0 ] char 
 Return value:  Size  Location     Type
                  1    wreg      unsigned char 
 Registers used:
		wreg, fsr0l, fsr0h, status,2, status,0, btemp+1, pclath, cstack
 Tracked objects:
		On entry : 
		On exit  : 
		Unchanged: 
 Data sizes:     COMMON   BANK0   BANK1   BANK3   BANK2
      Params:         0       0       0       0       0
      Locals:         0      14       0       0       0
      Temps:          0      18       0       0       0
      Totals:         0      32       0       0       0
Total ram usage:       32 bytes
 Hardware stack levels used:    1
 Hardware stack levels required when called:    6
 This function calls:
		_USARTWriteString
		___wmul
		_dbg_print_MATRIX4x4
		_dbg_print_MATRIX8x8
		_dbg_print_Screen
		_dbg_print_cur_MATRIX4x4
		_lg_fall_off
		_lg_get_height
		_lg_get_height_after_merge
		_lg_get_holes_after_merge
		_lg_get_num_of_orphan
		_lg_get_num_removed_rows
		_lg_get_weight
		_lg_is_valid
		_lg_left_most
		_lg_merge1
		_lg_right_most
		_sprintf
 This function is called by:
		_main
 This function uses a non-reentrant model


 *************** function _lg_right_most *****************
 Defined at:
		line 359 in file "../logic.h"
 Parameters:    Size  Location     Type
  x               1    wreg     char 
  matrix4x4       2   27[BANK0 ] PTR const struct .
		 -> NULL(0), g_matrix4x4(96), 
  matrix8x8       1   29[BANK0 ] PTR const struct .
		 -> g_matrix8x8(8), 
 Auto vars:     Size  Location     Type
  x               1   32[BANK0 ] char 
 Return value:  Size  Location     Type
                  1    wreg      char 
 Registers used:
		wreg, fsr0l, fsr0h, status,2, status,0, btemp+1, pclath, cstack
 Tracked objects:
		On entry : 
		On exit  : 
		Unchanged: 
 Data sizes:     COMMON   BANK0   BANK1   BANK3   BANK2
      Params:         0       3       0       0       0
      Locals:         0       1       0       0       0
      Temps:          0       2       0       0       0
      Totals:         0       6       0       0       0
Total ram usage:        6 bytes
 Hardware stack levels used:    1
 Hardware stack levels required when called:    4
 This function calls:
		_USARTWriteString
		_lg_is_right_boundary
		_sprintf
 This function is called by:
		_lg_find_best_solution
 This function uses a non-reentrant model


 *************** function _lg_is_right_boundary *****************
 Defined at:
		line 169 in file "../logic.h"
 Parameters:    Size  Location     Type
  x               1    wreg     char 
  matrix4x4       2   19[BANK0 ] PTR const struct .
		 -> NULL(0), g_matrix4x4(96), 
  matrix8x8       1   21[BANK0 ] PTR const struct .
		 -> g_matrix8x8(8), 
 Auto vars:     Size  Location     Type
  x               1   24[BANK0 ] char 
  col             1   26[BANK0 ] char 
  row             1   25[BANK0 ] char 
 Return value:  Size  Location     Type
                  1    wreg      unsigned char 
 Registers used:
		wreg, fsr0l, fsr0h, status,2, status,0, btemp+1, pclath, cstack
 Tracked objects:
		On entry : 
		On exit  : 
		Unchanged: 
 Data sizes:     COMMON   BANK0   BANK1   BANK3   BANK2
      Params:         0       3       0       0       0
      Locals:         0       3       0       0       0
      Temps:          0       2       0       0       0
      Totals:         0       8       0       0       0
Total ram usage:        8 bytes
 Hardware stack levels used:    1
 Hardware stack levels required when called:    3
 This function calls:
		_USARTWriteString
		_get_matrix_bit
		_sprintf
 This function is called by:
		_lg_right_most
 This function uses a non-reentrant model


 *************** function _lg_merge1 *****************
 Defined at:
		line 248 in file "../logic.h"
 Parameters:    Size  Location     Type
  x               1    wreg     char 
  y               1    0[BANK0 ] char 
  matrix4x4       2    1[BANK0 ] PTR const struct .
		 -> NULL(0), g_matrix4x4(96), 
  matrix8x8_in    1    3[BANK0 ] PTR const struct .
		 -> g_matrix8x8(8), 
  matrix8x8_ou    1    4[BANK0 ] PTR struct .
		 -> temp_matrix8x8(8), 
 Auto vars:     Size  Location     Type
  x               1    7[BANK0 ] char 
  col             1    9[BANK0 ] unsigned char 
  row             1    8[BANK0 ] unsigned char 
  len             2    5[BANK0 ] unsigned int 
 Return value:  Size  Location     Type
                  1    wreg      void 
 Registers used:
		wreg, fsr0l, fsr0h, status,2, status,0, btemp+1, pclath, cstack
 Tracked objects:
		On entry : 
		On exit  : 
		Unchanged: 
 Data sizes:     COMMON   BANK0   BANK1   BANK3   BANK2
      Params:         0       5       0       0       0
      Locals:         0       5       0       0       0
      Temps:          2       0       0       0       0
      Totals:         2      10       0       0       0
Total ram usage:       12 bytes
 Hardware stack levels used:    1
 Hardware stack levels required when called:    3
 This function calls:
		_get_matrix_bit
		_memcpy
		_set_matrix_bit
 This function is called by:
		_lg_find_best_solution
 This function uses a non-reentrant model


 *************** function _memcpy *****************
 Defined at:
		line 11 in file "C:\Program Files (x86)\Microchip\xc8\v1.37\sources\common\memcpy.c"
 Parameters:    Size  Location     Type
  d1              1    wreg     PTR void 
		 -> temp_matrix8x8(8), 
  s1              1    0[COMMON] PTR const void 
		 -> g_matrix8x8(8), 
  n               2    1[COMMON] unsigned int 
 Auto vars:     Size  Location     Type
  d1              1    4[COMMON] PTR void 
		 -> temp_matrix8x8(8), 
  s               1    6[COMMON] PTR const unsigned char 
		 -> g_matrix8x8(8), 
  d               1    5[COMMON] PTR unsigned char 
		 -> temp_matrix8x8(8), 
 Return value:  Size  Location     Type
                  1    wreg      PTR void 
 Registers used:
		wreg, fsr0l, fsr0h, status,2, status,0
 Tracked objects:
		On entry : 
		On exit  : 
		Unchanged: 
 Data sizes:     COMMON   BANK0   BANK1   BANK3   BANK2
      Params:         3       0       0       0       0
      Locals:         3       0       0       0       0
      Temps:          1       0       0       0       0
      Totals:         7       0       0       0       0
Total ram usage:        7 bytes
 Hardware stack levels used:    1
 This function calls:
		Nothing
 This function is called by:
		_lg_merge1
 This function uses a non-reentrant model


 *************** function _lg_left_most *****************
 Defined at:
		line 344 in file "../logic.h"
 Parameters:    Size  Location     Type
  x               1    wreg     char 
  matrix4x4       2   30[BANK0 ] PTR const struct .
		 -> NULL(0), g_matrix4x4(96), 
  matrix8x8       1   32[BANK0 ] PTR const struct .
		 -> g_matrix8x8(8), 
 Auto vars:     Size  Location     Type
  x               1   34[BANK0 ] char 
 Return value:  Size  Location     Type
                  1    wreg      char 
 Registers used:
		wreg, fsr0l, fsr0h, status,2, status,0, btemp+1, pclath, cstack
 Tracked objects:
		On entry : 
		On exit  : 
		Unchanged: 
 Data sizes:     COMMON   BANK0   BANK1   BANK3   BANK2
      Params:         0       3       0       0       0
      Locals:         0       1       0       0       0
      Temps:          0       1       0       0       0
      Totals:         0       5       0       0       0
Total ram usage:        5 bytes
 Hardware stack levels used:    1
 Hardware stack levels required when called:    4
 This function calls:
		_USARTWriteString
		_lg_is_left_boundary
		_sprintf
 This function is called by:
		_lg_find_best_solution
 This function uses a non-reentrant model


 *************** function _lg_is_left_boundary *****************
 Defined at:
		line 151 in file "../logic.h"
 Parameters:    Size  Location     Type
  x               1    wreg     char 
  matrix4x4       2   19[BANK0 ] PTR const struct .
		 -> NULL(0), g_matrix4x4(96), 
  matrix8x8       1   21[BANK0 ] PTR const struct .
		 -> g_matrix8x8(8), 
[...]
      Locals:         2       0       0       0       0
      Temps:          2       0       0       0       0
      Totals:         7       0       0       0       0
Total ram usage:        7 bytes
 Hardware stack levels used:    2
 This function calls:
		Nothing
 This function is called by:
		_get_matrix_bit
 This function uses a non-reentrant model


 *************** function _lg_char_info_index_rand *****************
 Defined at:
		line 340 in file "../logic.h"
 Parameters:    Size  Location     Type
		None
 Auto vars:     Size  Location     Type
		None
 Return value:  Size  Location     Type
                  1    wreg      unsigned char 
 Registers used:
		wreg, status,2, status,0, pclath, cstack
 Tracked objects:
		On entry : 
		On exit  : 
		Unchanged: 
 Data sizes:     COMMON   BANK0   BANK1   BANK3   BANK2
      Params:         0       0       0       0       0
      Locals:         0       0       0       0       0
      Temps:          0       0       0       0       0
      Totals:         0       0       0       0       0
Total ram usage:        0 bytes
 Hardware stack levels used:    1
 Hardware stack levels required when called:    2
 This function calls:
		___awmod
		_rand
 This function is called by:
		_main
 This function uses a non-reentrant model


 *************** function _rand *****************
 Defined at:
		line 12 in file "C:\Program Files (x86)\Microchip\xc8\v1.37\sources\common\rand.c"
 Parameters:    Size  Location     Type
		None
 Auto vars:     Size  Location     Type
		None
 Return value:  Size  Location     Type
                  2    0[BANK0 ] int 
 Registers used:
		wreg, status,2, status,0, pclath, cstack
 Tracked objects:
		On entry : 
		On exit  : 
		Unchanged: 
 Data sizes:     COMMON   BANK0   BANK1   BANK3   BANK2
      Params:         0       2       0       0       0
      Locals:         0       0       0       0       0
      Temps:          0       5       0       0       0
      Totals:         0       7       0       0       0
Total ram usage:        7 bytes
 Hardware stack levels used:    1
 Hardware stack levels required when called:    1
 This function calls:
		___lmul
 This function is called by:
		_lg_char_info_index_rand
 This function uses a non-reentrant model


 *************** function ___lmul *****************
 Defined at:
		line 15 in file "C:\Program Files (x86)\Microchip\xc8\v1.37\sources\common\Umul32.c"
 Parameters:    Size  Location     Type
  multiplier      4    0[COMMON] unsigned long 
  multiplicand    4    4[COMMON] unsigned long 
 Auto vars:     Size  Location     Type
  product         4    9[COMMON] unsigned long 
 Return value:  Size  Location     Type
                  4    0[COMMON] unsigned long 
 Registers used:
		wreg, status,2, status,0
 Tracked objects:
		On entry : 
		On exit  : 
		Unchanged: 
 Data sizes:     COMMON   BANK0   BANK1   BANK3   BANK2
      Params:         8       0       0       0       0
      Locals:         4       0       0       0       0
      Temps:          1       0       0       0       0
      Totals:        13       0       0       0       0
Total ram usage:       13 bytes
 Hardware stack levels used:    1
 This function calls:
		Nothing
 This function is called by:
		_rand
 This function uses a non-reentrant model


 *************** function ___awmod *****************
 Defined at:
		line 6 in file "C:\Program Files (x86)\Microchip\xc8\v1.37\sources\common\awmod.c"
 Parameters:    Size  Location     Type
  divisor         2    7[BANK0 ] int 
  dividend        2    9[BANK0 ] int 
 Auto vars:     Size  Location     Type
  sign            1   12[BANK0 ] unsigned char 
  counter         1   11[BANK0 ] unsigned char 
 Return value:  Size  Location     Type
                  2    7[BANK0 ] int 
 Registers used:
		wreg, status,2, status,0
 Tracked objects:
		On entry : 
		On exit  : 
		Unchanged: 
 Data sizes:     COMMON   BANK0   BANK1   BANK3   BANK2
      Params:         0       4       0       0       0
      Locals:         0       2       0       0       0
      Temps:          1       0       0       0       0
      Totals:         1       6       0       0       0
Total ram usage:        7 bytes
 Hardware stack levels used:    1
 This function calls:
		Nothing
 This function is called by:
		_lg_char_info_index_rand
		_USARTWriteInt
 This function uses a non-reentrant model


 *************** function _eeprom_write_int *****************
 Defined at:
		line 2 in file "../eeprom_operator.h"
 Parameters:    Size  Location     Type
  at              1    wreg     unsigned char 
  value           2   19[BANK0 ] unsigned int 
 Auto vars:     Size  Location     Type
  at              1   22[BANK0 ] unsigned char 
  temp            1   23[BANK0 ] unsigned char 
 Return value:  Size  Location     Type
                  1    wreg      void 
 Registers used:
		wreg, fsr0l, fsr0h, status,2, status,0, btemp+1, pclath, cstack
 Tracked objects:
		On entry : 
		On exit  : 
		Unchanged: 
 Data sizes:     COMMON   BANK0   BANK1   BANK3   BANK2
      Params:         0       2       0       0       0
      Locals:         0       2       0       0       0
      Temps:          0       1       0       0       0
      Totals:         0       5       0       0       0
Total ram usage:        5 bytes
 Hardware stack levels used:    1
 Hardware stack levels required when called:    2
 This function calls:
		_USARTWriteString
		_eeprom_write
		_sprintf
 This function is called by:
		_main
 This function uses a non-reentrant model


 *************** function _sprintf *****************
 Defined at:
		line 492 in file "C:\Program Files (x86)\Microchip\xc8\v1.37\sources\common\doprnt.c"
 Parameters:    Size  Location     Type
  sp              1    wreg     PTR unsigned char 
		 -> g_debug(32), 
  f               2    0[BANK0 ] PTR const unsigned char 
		 -> STR_81(12), STR_80(15), STR_79(15), STR_78(25), 
		 -> STR_77(29), STR_76(12), STR_75(23), STR_74(15), 
		 -> STR_73(61), STR_72(7), STR_71(54), STR_70(20), 
		 -> STR_69(17), STR_68(19), STR_67(15), STR_66(15), 
		 -> STR_65(15), STR_64(27), STR_63(16), STR_62(12), 
		 -> STR_61(13), STR_60(11), STR_59(14), STR_58(11), 
		 -> STR_57(9), STR_56(28), STR_55(28), STR_54(18), 
		 -> STR_53(17), STR_52(12), STR_51(12), STR_50(22), 
		 -> STR_49(23), STR_48(23), STR_47(17), STR_46(12), 
		 -> STR_45(17), STR_44(12), STR_43(28), STR_42(27), 
		 -> STR_41(8), STR_40(21), STR_39(13), STR_38(21), 
		 -> STR_37(13), STR_36(21), STR_35(13), STR_34(37), 
		 -> STR_33(10), STR_32(26), STR_31(26), STR_30(37), 
		 -> STR_29(21), STR_28(27), STR_27(23), STR_26(24), 
		 -> STR_25(12), STR_24(18), STR_23(11), STR_22(23), 
		 -> STR_21(24), STR_20(4), STR_19(4), STR_18(23), 
		 -> STR_17(3), STR_16(2), STR_15(2), STR_14(23), 
		 -> STR_13(4), STR_12(23), STR_11(3), STR_10(2), 
		 -> STR_9(2), STR_8(32), STR_7(4), STR_6(23), 
		 -> STR_5(3), STR_4(2), STR_3(2), STR_2(32), 
		 -> STR_1(4), ROM(8192), 
 Auto vars:     Size  Location     Type
  sp              1   18[BANK0 ] PTR unsigned char 
		 -> g_debug(32), 
  idx             1   11[BANK0 ] unsigned char 
  tmpval          4    0        struct .
  val             2   15[BANK0 ] unsigned int 
  cp              2    0        PTR const unsigned char 
  len             2    0        unsigned int 
  c               1   17[BANK0 ] char 
  flag            1   14[BANK0 ] unsigned char 
  prec            1   13[BANK0 ] char 
  ap              1   12[BANK0 ] PTR void [1]
		 -> ?_sprintf(2), 
 Return value:  Size  Location     Type
                  2    0[BANK0 ] int 
 Registers used:
		wreg, fsr0l, fsr0h, status,2, status,0, btemp+1, pclath, cstack
 Tracked objects:
		On entry : 
		On exit  : 
		Unchanged: 
 Data sizes:     COMMON   BANK0   BANK1   BANK3   BANK2
      Params:         0       8       0       0       0
      Locals:         0       8       0       0       0
      Temps:          0       3       0       0       0
      Totals:         0      19       0       0       0
Total ram usage:       19 bytes
 Hardware stack levels used:    1
 Hardware stack levels required when called:    1
 This function calls:
		___lwdiv
		___lwmod
 This function is called by:
		_dbg_print_MATRIX4x4
		_dbg_print_MATRIX8x8
		_dbg_print_Screen
		_dbg_print_cur_MATRIX4x4
		_eeprom_write_int
		_eeprom_read_int
		_lg_is_row_full
		_lg_delete_matrix
		_lg_get_num_removed_rows
		_lg_hit_land
		_lg_is_valid
		_lg_is_left_boundary
		_lg_is_right_boundary
		_lg_fall_off
		_lg_get_num_of_orphan
		_lg_get_weight
		_lg_left_most
		_lg_right_most
		_lg_get_height
		_lg_get_height_after_merge
		_lg_get_holes_after_merge
		_lg_find_best_solution
		_main
		_dbg_print_MATRIX7219
		_dbg_print_all_MATRIX4x4
 This function uses a non-reentrant model


 *************** function ___lwmod *****************
 Defined at:
		line 6 in file "C:\Program Files (x86)\Microchip\xc8\v1.37\sources\common\lwmod.c"
 Parameters:    Size  Location     Type
  divisor         2    8[COMMON] unsigned int 
  dividend        2   10[COMMON] unsigned int 
 Auto vars:     Size  Location     Type
  counter         1   13[COMMON] unsigned char 
 Return value:  Size  Location     Type
                  2    8[COMMON] unsigned int 
 Registers used:
		wreg, status,2, status,0
 Tracked objects:
		On entry : 
		On exit  : 
		Unchanged: 
 Data sizes:     COMMON   BANK0   BANK1   BANK3   BANK2
      Params:         4       0       0       0       0
      Locals:         1       0       0       0       0
      Temps:          1       0       0       0       0
      Totals:         6       0       0       0       0
Total ram usage:        6 bytes
 Hardware stack levels used:    1
 This function calls:
		Nothing
 This function is called by:
		_sprintf
 This function uses a non-reentrant model


 *************** function ___lwdiv *****************
 Defined at:
		line 6 in file "C:\Program Files (x86)\Microchip\xc8\v1.37\sources\common\lwdiv.c"
 Parameters:    Size  Location     Type
  divisor         2    0[COMMON] unsigned int 
  dividend        2    2[COMMON] unsigned int 
 Auto vars:     Size  Location     Type
  quotient        2    5[COMMON] unsigned int 
  counter         1    7[COMMON] unsigned char 
 Return value:  Size  Location     Type
                  2    0[COMMON] unsigned int 
 Registers used:
		wreg, status,2, status,0
 Tracked objects:
		On entry : 
		On exit  : 
		Unchanged: 
 Data sizes:     COMMON   BANK0   BANK1   BANK3   BANK2
      Params:         4       0       0       0       0
      Locals:         3       0       0       0       0
      Temps:          1       0       0       0       0
      Totals:         8       0       0       0       0
Total ram usage:        8 bytes
 Hardware stack levels used:    1
 This function calls:
		Nothing
 This function is called by:
		_sprintf
 This function uses a non-reentrant model


 *************** function _eeprom_write *****************
 Defined at:
		line 6 in file "C:\Program Files (x86)\Microchip\xc8\v1.37\sources\pic\eewrite.c"
 Parameters:    Size  Location     Type
  addr            1    wreg     unsigned char 
  value           1    0[COMMON] unsigned char 
 Auto vars:     Size  Location     Type
  addr            1    2[COMMON] unsigned char 
 Return value:  Size  Location     Type
                  1    wreg      void 
 Registers used:
		wreg, status,2, status,0
 Tracked objects:
		On entry : 
		On exit  : 
		Unchanged: 
 Data sizes:     COMMON   BANK0   BANK1   BANK3   BANK2
      Params:         1       0       0       0       0
      Locals:         1       0       0       0       0
      Temps:          1       0       0       0       0
      Totals:         3       0       0       0       0
Total ram usage:        3 bytes
 Hardware stack levels used:    1
 This function calls:
		Nothing
 This function is called by:
		_eeprom_write_int
 This function uses a non-reentrant model


 *************** function _USARTWriteString *****************
 Defined at:
		line 73 in file "../usart_pic16.c"
 Parameters:    Size  Location     Type
  str             1    wreg     PTR const unsigned char 
		 -> g_debug(32), 
 Auto vars:     Size  Location     Type
  str             1    2[COMMON] PTR const unsigned char 
		 -> g_debug(32), 
 Return value:  Size  Location     Type
                  1    wreg      void 
 Registers used:
		wreg, fsr0l, fsr0h, status,2, status,0, pclath, cstack
 Tracked objects:
		On entry : 
		On exit  : 
		Unchanged: 
 Data sizes:     COMMON   BANK0   BANK1   BANK3   BANK2
      Params:         0       0       0       0       0
      Locals:         1       0       0       0       0
      Temps:          1       0       0       0       0
      Totals:         2       0       0       0       0
Total ram usage:        2 bytes
 Hardware stack levels used:    1
 Hardware stack levels required when called:    1
 This function calls:
		_USARTWriteChar
 This function is called by:
		_dbg_print_MATRIX4x4
		_dbg_print_MATRIX8x8
		_dbg_print_Screen
		_dbg_print_cur_MATRIX4x4
		_eeprom_write_int
		_eeprom_read_int
		_lg_is_row_full
		_lg_delete_matrix
		_lg_get_num_removed_rows
		_lg_hit_land
		_lg_is_valid
		_lg_is_left_boundary
		_lg_is_right_boundary
		_lg_fall_off
		_lg_get_num_of_orphan
		_lg_get_weight
		_lg_left_most
		_lg_right_most
		_lg_get_height
		_lg_get_height_after_merge
		_lg_get_holes_after_merge
		_lg_find_best_solution
		_main
		_dbg_print_MATRIX7219
		_dbg_print_all_MATRIX4x4
		_USARTWriteLine
 This function uses a non-reentrant model


 *************** function _USARTWriteChar *****************
 Defined at:
		line 67 in file "../usart_pic16.c"
 Parameters:    Size  Location     Type
  ch              1    wreg     unsigned char 
 Auto vars:     Size  Location     Type
  ch              1    0[COMMON] unsigned char 
 Return value:  Size  Location     Type
                  1    wreg      void 
 Registers used:
		wreg
 Tracked objects:
		On entry : 
		On exit  : 
		Unchanged: 
 Data sizes:     COMMON   BANK0   BANK1   BANK3   BANK2
      Params:         0       0       0       0       0
      Locals:         1       0       0       0       0
      Temps:          0       0       0       0       0
      Totals:         1       0       0       0       0
Total ram usage:        1 bytes
 Hardware stack levels used:    1
 This function calls:
		Nothing
 This function is called by:
		_USARTWriteString
		_USARTWriteLine
		_USARTWriteInt
		_USARTGotoNewLine
 This function uses a non-reentrant model



MODULE INFORMATION

Module		Function		Class		Link	Load	Size
../main.c
		_main          		CODE           	03BC	0000	379
		_main_init     		CODE           	1087	0000	37

../main.c estimated size: 416

C:\Program Files (x86)\Microchip\xc8\v1.37\sources\common\memset.c
		_memset        		CODE           	1009	0000	29

C:\Program Files (x86)\Microchip\xc8\v1.37\sources\common\memset.c estimated size: 29

../bit_operator.h
		_getbit        		CODE           	0E2F	0000	148
		_setbit        		CODE           	16AE	0000	106

../bit_operator.h estimated size: 254

../debug_uart.h
		_dbg_init      		CODE           	1F2B	0000	9

../debug_uart.h estimated size: 9

C:\Program Files (x86)\Microchip\xc8\v1.37\sources\common\doprnt.c
		_sprintf       		CODE           	0250	0000	365

C:\Program Files (x86)\Microchip\xc8\v1.37\sources\common\doprnt.c estimated size: 365

C:\Program Files (x86)\Microchip\xc8\v1.37\sources\pic\eeread.c
		_eeprom_read   		CODE           	1FC9	0000	28

C:\Program Files (x86)\Microchip\xc8\v1.37\sources\pic\eeread.c estimated size: 28

C:\Program Files (x86)\Microchip\xc8\v1.37\sources\common\rand.c
		_srand         		CODE           	1000	0000	10
		_rand          		CODE           	1545	0000	86

C:\Program Files (x86)\Microchip\xc8\v1.37\sources\common\rand.c estimated size: 96

C:\Program Files (x86)\Microchip\xc8\v1.37\sources\common\Umul16.c
		___wmul        		CODE           	1064	0000	36

C:\Program Files (x86)\Microchip\xc8\v1.37\sources\common\Umul16.c estimated size: 36

../hal.h
		_hal_print_Screen		CODE           	1F16	0000	6

../hal.h estimated size: 6

C:\Program Files (x86)\Microchip\xc8\v1.37\sources\common\lwdiv.c
		___lwdiv       		CODE           	12CE	0000	61

C:\Program Files (x86)\Microchip\xc8\v1.37\sources\common\lwdiv.c estimated size: 61

C:\Program Files (x86)\Microchip\xc8\v1.37\sources\common\memcpy.c
		_memcpy        		CODE           	10D1	0000	39

C:\Program Files (x86)\Microchip\xc8\v1.37\sources\common\memcpy.c estimated size: 39

../debug.h
		_dbg_print_MATRIX8x8		CODE           	0F57	0000	170
		_dbg_print_Screen		CODE           	125A	0000	59
		_dbg_print_cur_MATRIX4x4		CODE           	164D	0000	98
		_dbg_print_MATRIX4x4		CODE           	0125	0000	300

../debug.h estimated size: 627

C:\Program Files (x86)\Microchip\xc8\v1.37\sources\pic\eewrite.c
		_eeprom_write  		CODE           	10AB	0000	39

C:\Program Files (x86)\Microchip\xc8\v1.37\sources\pic\eewrite.c estimated size: 39

C:\Program Files (x86)\Microchip\xc8\v1.37\sources\common\Umul32.c
		___lmul        		CODE           	1347	0000	64

C:\Program Files (x86)\Microchip\xc8\v1.37\sources\common\Umul32.c estimated size: 64

shared
		__stringtab    		STRCODE        	0800	0000	19
		_dpowers       		STRCODE        	0812	0000	11
		__initialization		CODE           	07D2	0000	43
		_hexpowers     		STRCODE        	081C	0000	9
		_g_matrix4x4   		STRCODE        	0824	0000	97

shared estimated size: 179

../usart_pic16.c
		_USARTWriteString		CODE           	0004	0000	22
		_USARTWriteChar		CODE           	1F1B	0000	9
		_USARTInit     		CODE           	1386	0000	65

../usart_pic16.c estimated size: 96

../bit_matrix.h
		_get_matrix_bit		CODE           	1F3B	0000	16
		_set_matrix_bit		CODE           	1F4A	0000	16

../bit_matrix.h estimated size: 32

../eeprom_operator.h
		_eeprom_write_int		CODE           	1043	0000	34
		_eeprom_read_int		CODE           	11C5	0000	45

../eeprom_operator.h estimated size: 79

../hal_max7219.h
		_hal_MATRIX8x8_to_MATRIX7219		CODE           	14A3	0000	82
		_hal_print_MATRIX8x8		CODE           	1F8D	0000	19
		_hal_print_MATRIX7219		CODE           	1FE4	0000	29

../hal_max7219.h estimated size: 130

C:\Program Files (x86)\Microchip\xc8\v1.37\sources\common\lwmod.c
		___lwmod       		CODE           	11F1	0000	51

C:\Program Files (x86)\Microchip\xc8\v1.37\sources\common\lwmod.c estimated size: 51

C:\Program Files (x86)\Microchip\xc8\v1.37\sources\common\awmod.c
		___awmod       		CODE           	1409	0000	78

C:\Program Files (x86)\Microchip\xc8\v1.37\sources\common\awmod.c estimated size: 78

../max7219.h
		_Write_Byte    		CODE           	1F7B	0000	19
		_SPI1_write    		CODE           	1147	0000	43
		_max7219_init1 		CODE           	1294	0000	59

../max7219.h estimated size: 121

../logic.h
		_lg_is_row_empty		CODE           	1F23	0000	9
		_lg_clear      		CODE           	13C6	0000	68
		_lg_is_right_boundary		CODE           	14F4	0000	82
		_lg_is_left_boundary		CODE           	1456	0000	78
		_lg_left_most  		CODE           	1171	0000	43
		_lg_get_height 		CODE           	10F7	0000	41
		_lg_get_weight 		CODE           	0DAE	0000	130
		_lg_is_valid   		CODE           	0EC2	0000	150
		_lg_get_num_of_orphan		CODE           	0CCD	0000	101
		_lg_merge      		CODE           	1784	0000	125
		_lg_merge1     		CODE           	159A	0000	89
		_lg_delete_matrix		CODE           	15F2	0000	92
		_lg_fall_off   		CODE           	0D31	0000	126
		_lg_get_num_removed_rows		CODE           	111F	0000	41
		_lg_get_height_after_merge		CODE           	130A	0000	62
		_lg_right_most 		CODE           	119B	0000	43
		_lg_get_holes_after_merge		CODE           	0019	0000	269
		_lg_clear_matrix		CODE           	1F59	0000	18
		_lg_char_info_index_rand		CODE           	1FB1	0000	25
		_lg_is_row_full		CODE           	1025	0000	31
		_lg_hit_land   		CODE           	1717	0000	110
		_lg_delete_matrix_row		CODE           	1223	0000	56
		_lg_find_best_solution		CODE           	0536	0000	669

../logic.h estimated size: 2458

